// Jest Snapshot v1, https://goo.gl/fbAQLP

exports[`Login action 2`] = `[Function]`;

exports[`Login action 3`] = `[Function]`;

exports[`Login action 4`] = `[Function]`;

exports[`Login action 5`] = `[Function]`;

exports[`Login action 6`] = `[Function]`;

exports[`Login action 7`] = `[Function]`;

exports[`Login action 8`] = `[Function]`;

exports[`Login action 9`] = `[Function]`;

exports[`Login action 10`] = `[Function]`;

exports[`Login action 11`] = `[Function]`;

exports[`Login action 12`] = `[Function]`;

exports[`Login action 13`] = `[Function]`;

exports[`Login action 14`] = `[Function]`;

exports[`Login action 15`] = `[Function]`;

exports[`Login action 16`] = `[Function]`;

exports[`Login action 17`] = `[Function]`;

exports[`Login action 18`] = `[Function]`;
